Archive member included to satisfy reference by file (symbol)

.\CortexM0\ARM_GCC_541\Debug\Lab_2_7SEG.a(SPIM.o)
                              .\CortexM0\ARM_GCC_541\Debug\main.o (SPIM_WriteTxData)
.\CortexM0\ARM_GCC_541\Debug\Lab_2_7SEG.a(isr_100Hz.o)
                              .\CortexM0\ARM_GCC_541\Debug\main.o (isr_100Hz_StartEx)
.\CortexM0\ARM_GCC_541\Debug\Lab_2_7SEG.a(Pin_B2.o)
                              .\CortexM0\ARM_GCC_541\Debug\main.o (Pin_B2_Read)
.\CortexM0\ARM_GCC_541\Debug\Lab_2_7SEG.a(Pin_B1.o)
                              .\CortexM0\ARM_GCC_541\Debug\main.o (Pin_B1_Read)
.\CortexM0\ARM_GCC_541\Debug\Lab_2_7SEG.a(SPIM_IntClock.o)
                              .\CortexM0\ARM_GCC_541\Debug\Lab_2_7SEG.a(SPIM.o) (SPIM_IntClock_StartEx)
.\CortexM0\ARM_GCC_541\Debug\Lab_2_7SEG.a(CyLib.o)
                              .\CortexM0\ARM_GCC_541\Debug\cyfitter_cfg.o (CyIntEnable)
.\CortexM0\ARM_GCC_541\Debug\Lab_2_7SEG.a(CyLFClk.o)
                              .\CortexM0\ARM_GCC_541\Debug\cyfitter_cfg.o (CySysClkWcoStart)
.\CortexM0\ARM_GCC_541\Debug\Lab_2_7SEG.a(CyBootAsmGnu.o)
                              .\CortexM0\ARM_GCC_541\Debug\Lab_2_7SEG.a(CyLib.o) (CyDelayCycles)
c:/program files (x86)/cypress/psoc creator/4.4/psoc creator/import/gnu/arm/5.4.1/bin/../lib/gcc/arm-none-eabi/5.4.1/armv6-m\libgcc.a(_udivsi3.o)
                              .\CortexM0\ARM_GCC_541\Debug\main.o (__aeabi_uidiv)
c:/program files (x86)/cypress/psoc creator/4.4/psoc creator/import/gnu/arm/5.4.1/bin/../lib/gcc/arm-none-eabi/5.4.1/armv6-m\libgcc.a(_divsi3.o)
                              .\CortexM0\ARM_GCC_541\Debug\Lab_2_7SEG.a(CyLFClk.o) (__aeabi_idiv)
c:/program files (x86)/cypress/psoc creator/4.4/psoc creator/import/gnu/arm/5.4.1/bin/../lib/gcc/arm-none-eabi/5.4.1/armv6-m\libgcc.a(_dvmd_tls.o)
                              c:/program files (x86)/cypress/psoc creator/4.4/psoc creator/import/gnu/arm/5.4.1/bin/../lib/gcc/arm-none-eabi/5.4.1/armv6-m\libgcc.a(_udivsi3.o) (__aeabi_idiv0)
c:/program files (x86)/cypress/psoc creator/4.4/psoc creator/import/gnu/arm/5.4.1/bin/../lib/gcc/arm-none-eabi/5.4.1/../../../../arm-none-eabi/lib/armv6-m\libg_nano.a(lib_a-errno.o)
                              .\CortexM0\ARM_GCC_541\Debug\Cm0Start.o (__errno)
c:/program files (x86)/cypress/psoc creator/4.4/psoc creator/import/gnu/arm/5.4.1/bin/../lib/gcc/arm-none-eabi/5.4.1/../../../../arm-none-eabi/lib/armv6-m\libg_nano.a(lib_a-exit.o)
                              c:/program files (x86)/cypress/psoc creator/4.4/psoc creator/import/gnu/arm/5.4.1/bin/../lib/gcc/arm-none-eabi/5.4.1/../../../../arm-none-eabi/lib/armv6-m/crt0.o (exit)
c:/program files (x86)/cypress/psoc creator/4.4/psoc creator/import/gnu/arm/5.4.1/bin/../lib/gcc/arm-none-eabi/5.4.1/../../../../arm-none-eabi/lib/armv6-m\libg_nano.a(lib_a-impure.o)
                              c:/program files (x86)/cypress/psoc creator/4.4/psoc creator/import/gnu/arm/5.4.1/bin/../lib/gcc/arm-none-eabi/5.4.1/../../../../arm-none-eabi/lib/armv6-m\libg_nano.a(lib_a-exit.o) (_global_impure_ptr)
c:/program files (x86)/cypress/psoc creator/4.4/psoc creator/import/gnu/arm/5.4.1/bin/../lib/gcc/arm-none-eabi/5.4.1/../../../../arm-none-eabi/lib/armv6-m\libg_nano.a(lib_a-init.o)
                              c:/program files (x86)/cypress/psoc creator/4.4/psoc creator/import/gnu/arm/5.4.1/bin/../lib/gcc/arm-none-eabi/5.4.1/../../../../arm-none-eabi/lib/armv6-m/crt0.o (__libc_init_array)
c:/program files (x86)/cypress/psoc creator/4.4/psoc creator/import/gnu/arm/5.4.1/bin/../lib/gcc/arm-none-eabi/5.4.1/../../../../arm-none-eabi/lib/armv6-m\libg_nano.a(lib_a-memcpy-stub.o)
                              .\CortexM0\ARM_GCC_541\Debug\cyfitter_cfg.o (memcpy)
c:/program files (x86)/cypress/psoc creator/4.4/psoc creator/import/gnu/arm/5.4.1/bin/../lib/gcc/arm-none-eabi/5.4.1/../../../../arm-none-eabi/lib/armv6-m\libg_nano.a(lib_a-memset.o)
                              c:/program files (x86)/cypress/psoc creator/4.4/psoc creator/import/gnu/arm/5.4.1/bin/../lib/gcc/arm-none-eabi/5.4.1/../../../../arm-none-eabi/lib/armv6-m/crt0.o (memset)

Allocating common symbols
Common symbol       size              file

SPIM_swStatusTx     0x1               .\CortexM0\ARM_GCC_541\Debug\Lab_2_7SEG.a(SPIM.o)
SPIM_swStatusRx     0x1               .\CortexM0\ARM_GCC_541\Debug\Lab_2_7SEG.a(SPIM.o)

Discarded input sections

 .text          0x00000000        0x0 c:/program files (x86)/cypress/psoc creator/4.4/psoc creator/import/gnu/arm/5.4.1/bin/../lib/gcc/arm-none-eabi/5.4.1/armv6-m/crti.o
 .data          0x00000000        0x0 c:/program files (x86)/cypress/psoc creator/4.4/psoc creator/import/gnu/arm/5.4.1/bin/../lib/gcc/arm-none-eabi/5.4.1/armv6-m/crti.o
 .bss           0x00000000        0x0 c:/program files (x86)/cypress/psoc creator/4.4/psoc creator/import/gnu/arm/5.4.1/bin/../lib/gcc/arm-none-eabi/5.4.1/armv6-m/crti.o
 .data          0x00000000        0x4 c:/program files (x86)/cypress/psoc creator/4.4/psoc creator/import/gnu/arm/5.4.1/bin/../lib/gcc/arm-none-eabi/5.4.1/armv6-m/crtbegin.o
 .text          0x00000000       0x78 c:/program files (x86)/cypress/psoc creator/4.4/psoc creator/import/gnu/arm/5.4.1/bin/../lib/gcc/arm-none-eabi/5.4.1/../../../../arm-none-eabi/lib/armv6-m/crt0.o
 .data          0x00000000        0x0 c:/program files (x86)/cypress/psoc creator/4.4/psoc creator/import/gnu/arm/5.4.1/bin/../lib/gcc/arm-none-eabi/5.4.1/../../../../arm-none-eabi/lib/armv6-m/crt0.o
 .bss           0x00000000        0x0 c:/program files (x86)/cypress/psoc creator/4.4/psoc creator/import/gnu/arm/5.4.1/bin/../lib/gcc/arm-none-eabi/5.4.1/../../../../arm-none-eabi/lib/armv6-m/crt0.o
 .ARM.extab     0x00000000        0x0 c:/program files (x86)/cypress/psoc creator/4.4/psoc creator/import/gnu/arm/5.4.1/bin/../lib/gcc/arm-none-eabi/5.4.1/../../../../arm-none-eabi/lib/armv6-m/crt0.o
 .ARM.exidx     0x00000000        0x8 c:/program files (x86)/cypress/psoc creator/4.4/psoc creator/import/gnu/arm/5.4.1/bin/../lib/gcc/arm-none-eabi/5.4.1/../../../../arm-none-eabi/lib/armv6-m/crt0.o
 .text          0x00000000        0x0 .\CortexM0\ARM_GCC_541\Debug\main.o
 .text          0x00000000        0x0 .\CortexM0\ARM_GCC_541\Debug\cyfitter_cfg.o
 .data          0x00000000        0x0 .\CortexM0\ARM_GCC_541\Debug\cyfitter_cfg.o
 .bss           0x00000000        0x0 .\CortexM0\ARM_GCC_541\Debug\cyfitter_cfg.o
 .text          0x00000000        0x0 .\CortexM0\ARM_GCC_541\Debug\cymetadata.o
 .data          0x00000000        0x0 .\CortexM0\ARM_GCC_541\Debug\cymetadata.o
 .bss           0x00000000        0x0 .\CortexM0\ARM_GCC_541\Debug\cymetadata.o
 .text          0x00000000        0x0 .\CortexM0\ARM_GCC_541\Debug\Cm0Start.o
 .data          0x00000000        0x4 .\CortexM0\ARM_GCC_541\Debug\Cm0Start.o
 .bss           0x00000000        0x0 .\CortexM0\ARM_GCC_541\Debug\Cm0Start.o
 .text._exit    0x00000000        0xc .\CortexM0\ARM_GCC_541\Debug\Cm0Start.o
 .text._sbrk    0x00000000       0x30 .\CortexM0\ARM_GCC_541\Debug\Cm0Start.o
 .text          0x00000000        0x0 .\CortexM0\ARM_GCC_541\Debug\Lab_2_7SEG.a(SPIM.o)
 .data          0x00000000        0x0 .\CortexM0\ARM_GCC_541\Debug\Lab_2_7SEG.a(SPIM.o)
 .text.SPIM_Stop
                0x00000000       0x2c .\CortexM0\ARM_GCC_541\Debug\Lab_2_7SEG.a(SPIM.o)
 .text.SPIM_EnableTxInt
                0x00000000        0x4 .\CortexM0\ARM_GCC_541\Debug\Lab_2_7SEG.a(SPIM.o)
 .text.SPIM_EnableRxInt
                0x00000000        0x4 .\CortexM0\ARM_GCC_541\Debug\Lab_2_7SEG.a(SPIM.o)
 .text.SPIM_DisableTxInt
                0x00000000        0x4 .\CortexM0\ARM_GCC_541\Debug\Lab_2_7SEG.a(SPIM.o)
 .text.SPIM_DisableRxInt
                0x00000000        0x4 .\CortexM0\ARM_GCC_541\Debug\Lab_2_7SEG.a(SPIM.o)
 .text.SPIM_SetTxInterruptMode
                0x00000000        0xc .\CortexM0\ARM_GCC_541\Debug\Lab_2_7SEG.a(SPIM.o)
 .text.SPIM_SetRxInterruptMode
                0x00000000        0xc .\CortexM0\ARM_GCC_541\Debug\Lab_2_7SEG.a(SPIM.o)
 .text.SPIM_ReadRxData
                0x00000000        0xc .\CortexM0\ARM_GCC_541\Debug\Lab_2_7SEG.a(SPIM.o)
 .text.SPIM_GetRxBufferSize
                0x00000000       0x14 .\CortexM0\ARM_GCC_541\Debug\Lab_2_7SEG.a(SPIM.o)
 .text.SPIM_GetTxBufferSize
                0x00000000       0x20 .\CortexM0\ARM_GCC_541\Debug\Lab_2_7SEG.a(SPIM.o)
 .text.SPIM_ClearRxBuffer
                0x00000000       0x18 .\CortexM0\ARM_GCC_541\Debug\Lab_2_7SEG.a(SPIM.o)
 .text.SPIM_ClearTxBuffer
                0x00000000       0x38 .\CortexM0\ARM_GCC_541\Debug\Lab_2_7SEG.a(SPIM.o)
 .text.SPIM_PutArray
                0x00000000       0x20 .\CortexM0\ARM_GCC_541\Debug\Lab_2_7SEG.a(SPIM.o)
 .text.SPIM_EnableInt
                0x00000000        0x4 .\CortexM0\ARM_GCC_541\Debug\Lab_2_7SEG.a(SPIM.o)
 .text.SPIM_DisableInt
                0x00000000        0x4 .\CortexM0\ARM_GCC_541\Debug\Lab_2_7SEG.a(SPIM.o)
 .text.SPIM_SetInterruptMode
                0x00000000       0x18 .\CortexM0\ARM_GCC_541\Debug\Lab_2_7SEG.a(SPIM.o)
 .text.SPIM_ReadStatus
                0x00000000       0x18 .\CortexM0\ARM_GCC_541\Debug\Lab_2_7SEG.a(SPIM.o)
 COMMON         0x00000000        0x2 .\CortexM0\ARM_GCC_541\Debug\Lab_2_7SEG.a(SPIM.o)
 .text          0x00000000        0x0 .\CortexM0\ARM_GCC_541\Debug\Lab_2_7SEG.a(isr_100Hz.o)
 .data          0x00000000        0x0 .\CortexM0\ARM_GCC_541\Debug\Lab_2_7SEG.a(isr_100Hz.o)
 .bss           0x00000000        0x0 .\CortexM0\ARM_GCC_541\Debug\Lab_2_7SEG.a(isr_100Hz.o)
 .text.isr_100Hz_Interrupt
                0x00000000        0x4 .\CortexM0\ARM_GCC_541\Debug\Lab_2_7SEG.a(isr_100Hz.o)
 .text.isr_100Hz_GetVector
                0x00000000        0xc .\CortexM0\ARM_GCC_541\Debug\Lab_2_7SEG.a(isr_100Hz.o)
 .text.isr_100Hz_GetPriority
                0x00000000       0x10 .\CortexM0\ARM_GCC_541\Debug\Lab_2_7SEG.a(isr_100Hz.o)
 .text.isr_100Hz_GetState
                0x00000000       0x14 .\CortexM0\ARM_GCC_541\Debug\Lab_2_7SEG.a(isr_100Hz.o)
 .text.isr_100Hz_Start
                0x00000000       0x1c .\CortexM0\ARM_GCC_541\Debug\Lab_2_7SEG.a(isr_100Hz.o)
 .text.isr_100Hz_Stop
                0x00000000       0x14 .\CortexM0\ARM_GCC_541\Debug\Lab_2_7SEG.a(isr_100Hz.o)
 .text.isr_100Hz_SetPending
                0x00000000        0xc .\CortexM0\ARM_GCC_541\Debug\Lab_2_7SEG.a(isr_100Hz.o)
 .text.isr_100Hz_ClearPending
                0x00000000        0xc .\CortexM0\ARM_GCC_541\Debug\Lab_2_7SEG.a(isr_100Hz.o)
 .text          0x00000000        0x0 .\CortexM0\ARM_GCC_541\Debug\Lab_2_7SEG.a(Pin_B2.o)
 .data          0x00000000        0x0 .\CortexM0\ARM_GCC_541\Debug\Lab_2_7SEG.a(Pin_B2.o)
 .bss           0x00000000        0x0 .\CortexM0\ARM_GCC_541\Debug\Lab_2_7SEG.a(Pin_B2.o)
 .text.Pin_B2_SetDriveMode
                0x00000000       0x18 .\CortexM0\ARM_GCC_541\Debug\Lab_2_7SEG.a(Pin_B2.o)
 .text.Pin_B2_Write
                0x00000000       0x18 .\CortexM0\ARM_GCC_541\Debug\Lab_2_7SEG.a(Pin_B2.o)
 .text.Pin_B2_ReadDataReg
                0x00000000       0x10 .\CortexM0\ARM_GCC_541\Debug\Lab_2_7SEG.a(Pin_B2.o)
 .text.Pin_B2_SetInterruptMode
                0x00000000       0x14 .\CortexM0\ARM_GCC_541\Debug\Lab_2_7SEG.a(Pin_B2.o)
 .text.Pin_B2_ClearInterrupt
                0x00000000       0x14 .\CortexM0\ARM_GCC_541\Debug\Lab_2_7SEG.a(Pin_B2.o)
 .text          0x00000000        0x0 .\CortexM0\ARM_GCC_541\Debug\Lab_2_7SEG.a(Pin_B1.o)
 .data          0x00000000        0x0 .\CortexM0\ARM_GCC_541\Debug\Lab_2_7SEG.a(Pin_B1.o)
 .bss           0x00000000        0x0 .\CortexM0\ARM_GCC_541\Debug\Lab_2_7SEG.a(Pin_B1.o)
 .text.Pin_B1_SetDriveMode
                0x00000000       0x14 .\CortexM0\ARM_GCC_541\Debug\Lab_2_7SEG.a(Pin_B1.o)
 .text.Pin_B1_Write
                0x00000000       0x18 .\CortexM0\ARM_GCC_541\Debug\Lab_2_7SEG.a(Pin_B1.o)
 .text.Pin_B1_ReadDataReg
                0x00000000       0x10 .\CortexM0\ARM_GCC_541\Debug\Lab_2_7SEG.a(Pin_B1.o)
 .text.Pin_B1_SetInterruptMode
                0x00000000       0x14 .\CortexM0\ARM_GCC_541\Debug\Lab_2_7SEG.a(Pin_B1.o)
 .text.Pin_B1_ClearInterrupt
                0x00000000       0x14 .\CortexM0\ARM_GCC_541\Debug\Lab_2_7SEG.a(Pin_B1.o)
 .text          0x00000000        0x0 .\CortexM0\ARM_GCC_541\Debug\Lab_2_7SEG.a(SPIM_IntClock.o)
 .data          0x00000000        0x0 .\CortexM0\ARM_GCC_541\Debug\Lab_2_7SEG.a(SPIM_IntClock.o)
 .bss           0x00000000        0x0 .\CortexM0\ARM_GCC_541\Debug\Lab_2_7SEG.a(SPIM_IntClock.o)
 .text.SPIM_IntClock_Stop
                0x00000000       0x18 .\CortexM0\ARM_GCC_541\Debug\Lab_2_7SEG.a(SPIM_IntClock.o)
 .text.SPIM_IntClock_SetFractionalDividerRegister
                0x00000000       0x20 .\CortexM0\ARM_GCC_541\Debug\Lab_2_7SEG.a(SPIM_IntClock.o)
 .text.SPIM_IntClock_GetDividerRegister
                0x00000000       0x10 .\CortexM0\ARM_GCC_541\Debug\Lab_2_7SEG.a(SPIM_IntClock.o)
 .text.SPIM_IntClock_GetFractionalDividerRegister
                0x00000000        0x4 .\CortexM0\ARM_GCC_541\Debug\Lab_2_7SEG.a(SPIM_IntClock.o)
 .text          0x00000000        0x0 .\CortexM0\ARM_GCC_541\Debug\Lab_2_7SEG.a(CyLib.o)
 .bss           0x00000000       0x18 .\CortexM0\ARM_GCC_541\Debug\Lab_2_7SEG.a(CyLib.o)
 .text.CySysClkImoStart
                0x00000000       0x14 .\CortexM0\ARM_GCC_541\Debug\Lab_2_7SEG.a(CyLib.o)
 .text.CySysClkImoStop
                0x00000000       0x10 .\CortexM0\ARM_GCC_541\Debug\Lab_2_7SEG.a(CyLib.o)
 .text.CySysClkWriteHfclkDirect
                0x00000000       0x20 .\CortexM0\ARM_GCC_541\Debug\Lab_2_7SEG.a(CyLib.o)
 .text.CySysEnablePumpClock
                0x00000000       0x38 .\CortexM0\ARM_GCC_541\Debug\Lab_2_7SEG.a(CyLib.o)
 .text.CySysClkGetSysclkSource
                0x00000000       0x1c .\CortexM0\ARM_GCC_541\Debug\Lab_2_7SEG.a(CyLib.o)
 .text.CySysClkWriteSysclkDiv
                0x00000000       0x30 .\CortexM0\ARM_GCC_541\Debug\Lab_2_7SEG.a(CyLib.o)
 .text.CySysClkEcoStop
                0x00000000       0x24 .\CortexM0\ARM_GCC_541\Debug\Lab_2_7SEG.a(CyLib.o)
 .text.CySysLvdDisable
                0x00000000       0x20 .\CortexM0\ARM_GCC_541\Debug\Lab_2_7SEG.a(CyLib.o)
 .text.CySysLvdGetInterruptSource
                0x00000000       0x10 .\CortexM0\ARM_GCC_541\Debug\Lab_2_7SEG.a(CyLib.o)
 .text.CySysLvdClearInterrupt
                0x00000000        0xc .\CortexM0\ARM_GCC_541\Debug\Lab_2_7SEG.a(CyLib.o)
 .text.CySysGetResetReason
                0x00000000       0x14 .\CortexM0\ARM_GCC_541\Debug\Lab_2_7SEG.a(CyLib.o)
 .text.CyDisableInts
                0x00000000       0x10 .\CortexM0\ARM_GCC_541\Debug\Lab_2_7SEG.a(CyLib.o)
 .text.CyEnableInts
                0x00000000        0xc .\CortexM0\ARM_GCC_541\Debug\Lab_2_7SEG.a(CyLib.o)
 .text.CyIntGetState
                0x00000000       0x18 .\CortexM0\ARM_GCC_541\Debug\Lab_2_7SEG.a(CyLib.o)
 .text.CyIntDisable
                0x00000000       0x14 .\CortexM0\ARM_GCC_541\Debug\Lab_2_7SEG.a(CyLib.o)
 .text.CyIntSetPending
                0x00000000       0x14 .\CortexM0\ARM_GCC_541\Debug\Lab_2_7SEG.a(CyLib.o)
 .text.CyIntClearPending
                0x00000000       0x14 .\CortexM0\ARM_GCC_541\Debug\Lab_2_7SEG.a(CyLib.o)
 .text.CySysClkWriteEcoDiv
                0x00000000       0x38 .\CortexM0\ARM_GCC_541\Debug\Lab_2_7SEG.a(CyLib.o)
 .text.CyIntSetSysVector
                0x00000000       0x20 .\CortexM0\ARM_GCC_541\Debug\Lab_2_7SEG.a(CyLib.o)
 .text.CyIntGetSysVector
                0x00000000       0x1c .\CortexM0\ARM_GCC_541\Debug\Lab_2_7SEG.a(CyLib.o)
 .text.CyIntGetVector
                0x00000000       0x20 .\CortexM0\ARM_GCC_541\Debug\Lab_2_7SEG.a(CyLib.o)
 .text.CyIntSetPriority
                0x00000000       0x4c .\CortexM0\ARM_GCC_541\Debug\Lab_2_7SEG.a(CyLib.o)
 .text.CyIntGetPriority
                0x00000000       0x2c .\CortexM0\ARM_GCC_541\Debug\Lab_2_7SEG.a(CyLib.o)
 .text.CySoftwareReset
                0x00000000       0x18 .\CortexM0\ARM_GCC_541\Debug\Lab_2_7SEG.a(CyLib.o)
 .text.CySysLvdEnable
                0x00000000       0x44 .\CortexM0\ARM_GCC_541\Debug\Lab_2_7SEG.a(CyLib.o)
 .text.CyDelayFreq
                0x00000000       0x4c .\CortexM0\ARM_GCC_541\Debug\Lab_2_7SEG.a(CyLib.o)
 .text.CySysTickStop
                0x00000000       0x10 .\CortexM0\ARM_GCC_541\Debug\Lab_2_7SEG.a(CyLib.o)
 .text.CySysTickEnableInterrupt
                0x00000000       0x10 .\CortexM0\ARM_GCC_541\Debug\Lab_2_7SEG.a(CyLib.o)
 .text.CySysTickEnable
                0x00000000       0x18 .\CortexM0\ARM_GCC_541\Debug\Lab_2_7SEG.a(CyLib.o)
 .text.CySysTickDisableInterrupt
                0x00000000       0x10 .\CortexM0\ARM_GCC_541\Debug\Lab_2_7SEG.a(CyLib.o)
 .text.CySysTickSetReload
                0x00000000       0x10 .\CortexM0\ARM_GCC_541\Debug\Lab_2_7SEG.a(CyLib.o)
 .text.CySysTickGetReload
                0x00000000       0x10 .\CortexM0\ARM_GCC_541\Debug\Lab_2_7SEG.a(CyLib.o)
 .text.CySysTickGetValue
                0x00000000       0x10 .\CortexM0\ARM_GCC_541\Debug\Lab_2_7SEG.a(CyLib.o)
 .text.CySysTickSetClockSource
                0x00000000       0x20 .\CortexM0\ARM_GCC_541\Debug\Lab_2_7SEG.a(CyLib.o)
 .text.CySysTickGetClockSource
                0x00000000       0x10 .\CortexM0\ARM_GCC_541\Debug\Lab_2_7SEG.a(CyLib.o)
 .text.CySysTickGetCountFlag
                0x00000000       0x10 .\CortexM0\ARM_GCC_541\Debug\Lab_2_7SEG.a(CyLib.o)
 .text.CySysTickServiceCallbacks
                0x00000000       0x28 .\CortexM0\ARM_GCC_541\Debug\Lab_2_7SEG.a(CyLib.o)
 .text.CySysTickClear
                0x00000000        0xc .\CortexM0\ARM_GCC_541\Debug\Lab_2_7SEG.a(CyLib.o)
 .text.CySysTickInit
                0x00000000       0x44 .\CortexM0\ARM_GCC_541\Debug\Lab_2_7SEG.a(CyLib.o)
 .text.CySysTickStart
                0x00000000       0x20 .\CortexM0\ARM_GCC_541\Debug\Lab_2_7SEG.a(CyLib.o)
 .text.CySysTickSetCallback
                0x00000000       0x10 .\CortexM0\ARM_GCC_541\Debug\Lab_2_7SEG.a(CyLib.o)
 .text.CySysTickGetCallback
                0x00000000        0xc .\CortexM0\ARM_GCC_541\Debug\Lab_2_7SEG.a(CyLib.o)
 .text.CyGetUniqueId
                0x00000000       0x70 .\CortexM0\ARM_GCC_541\Debug\Lab_2_7SEG.a(CyLib.o)
 .text.CySysSetRamAccessArbPriority
                0x00000000       0x20 .\CortexM0\ARM_GCC_541\Debug\Lab_2_7SEG.a(CyLib.o)
 .text.CySysSetFlashAccessArbPriority
                0x00000000       0x20 .\CortexM0\ARM_GCC_541\Debug\Lab_2_7SEG.a(CyLib.o)
 .text.CySysSetDmacAccessArbPriority
                0x00000000       0x20 .\CortexM0\ARM_GCC_541\Debug\Lab_2_7SEG.a(CyLib.o)
 .text.CySysSetPeripheralAccessArbPriority
                0x00000000       0x68 .\CortexM0\ARM_GCC_541\Debug\Lab_2_7SEG.a(CyLib.o)
 .text          0x00000000        0x0 .\CortexM0\ARM_GCC_541\Debug\Lab_2_7SEG.a(CyLFClk.o)
 .text.CySysClkIloEnabled
                0x00000000       0x14 .\CortexM0\ARM_GCC_541\Debug\Lab_2_7SEG.a(CyLFClk.o)
 .text.CySysClkGetLfclkSource
                0x00000000       0x10 .\CortexM0\ARM_GCC_541\Debug\Lab_2_7SEG.a(CyLFClk.o)
 .text.CySysClkIloStart
                0x00000000       0x14 .\CortexM0\ARM_GCC_541\Debug\Lab_2_7SEG.a(CyLFClk.o)
 .text.CySysClkIloStartMeasurement
                0x00000000       0x5c .\CortexM0\ARM_GCC_541\Debug\Lab_2_7SEG.a(CyLFClk.o)
 .text.CySysClkIloStopMeasurement
                0x00000000       0x14 .\CortexM0\ARM_GCC_541\Debug\Lab_2_7SEG.a(CyLFClk.o)
 .text.CySysClkIloCompensate
                0x00000000      0x104 .\CortexM0\ARM_GCC_541\Debug\Lab_2_7SEG.a(CyLFClk.o)
 .text.CySysClkIloUpdateTrimReg
                0x00000000       0xa8 .\CortexM0\ARM_GCC_541\Debug\Lab_2_7SEG.a(CyLFClk.o)
 .text.CySysClkIloTrim
                0x00000000       0xd8 .\CortexM0\ARM_GCC_541\Debug\Lab_2_7SEG.a(CyLFClk.o)
 .text.CySysClkIloRestoreFactoryTrim
                0x00000000       0x30 .\CortexM0\ARM_GCC_541\Debug\Lab_2_7SEG.a(CyLFClk.o)
 .text.CySysClkWcoEnabled
                0x00000000       0x14 .\CortexM0\ARM_GCC_541\Debug\Lab_2_7SEG.a(CyLFClk.o)
 .text.CySysClkWcoClockOutSelect
                0x00000000       0x2c .\CortexM0\ARM_GCC_541\Debug\Lab_2_7SEG.a(CyLFClk.o)
 .text.CySysWdtGetEnabledStatus
                0x00000000       0x24 .\CortexM0\ARM_GCC_541\Debug\Lab_2_7SEG.a(CyLFClk.o)
 .text.CySysWdtSetMode
                0x00000000       0x38 .\CortexM0\ARM_GCC_541\Debug\Lab_2_7SEG.a(CyLFClk.o)
 .text.CySysClkLfclkPosedgeRestore
                0x00000000       0x2c .\CortexM0\ARM_GCC_541\Debug\Lab_2_7SEG.a(CyLFClk.o)
 .text.CySysWdtGetMode
                0x00000000       0x14 .\CortexM0\ARM_GCC_541\Debug\Lab_2_7SEG.a(CyLFClk.o)
 .text.CySysWdtSetClearOnMatch
                0x00000000       0x34 .\CortexM0\ARM_GCC_541\Debug\Lab_2_7SEG.a(CyLFClk.o)
 .text.CySysWdtGetClearOnMatch
                0x00000000       0x24 .\CortexM0\ARM_GCC_541\Debug\Lab_2_7SEG.a(CyLFClk.o)
 .text.CySysWdtEnable
                0x00000000       0x3c .\CortexM0\ARM_GCC_541\Debug\Lab_2_7SEG.a(CyLFClk.o)
 .text.CySysWdtDisable
                0x00000000       0x44 .\CortexM0\ARM_GCC_541\Debug\Lab_2_7SEG.a(CyLFClk.o)
 .text.CySysWdtSetCascade
                0x00000000       0x34 .\CortexM0\ARM_GCC_541\Debug\Lab_2_7SEG.a(CyLFClk.o)
 .text.CySysWdtGetCascade
                0x00000000       0x14 .\CortexM0\ARM_GCC_541\Debug\Lab_2_7SEG.a(CyLFClk.o)
 .text.CySysWdtSetMatch
                0x00000000       0x54 .\CortexM0\ARM_GCC_541\Debug\Lab_2_7SEG.a(CyLFClk.o)
 .text.CySysWdtSetToggleBit
                0x00000000       0x30 .\CortexM0\ARM_GCC_541\Debug\Lab_2_7SEG.a(CyLFClk.o)
 .text.CySysWdtGetToggleBit
                0x00000000       0x10 .\CortexM0\ARM_GCC_541\Debug\Lab_2_7SEG.a(CyLFClk.o)
 .text.CySysWdtGetMatch
                0x00000000       0x20 .\CortexM0\ARM_GCC_541\Debug\Lab_2_7SEG.a(CyLFClk.o)
 .text.CySysWdtGetCount
                0x00000000       0x3c .\CortexM0\ARM_GCC_541\Debug\Lab_2_7SEG.a(CyLFClk.o)
 .text.CySysClkLfclkPosedgeCatch
                0x00000000       0x74 .\CortexM0\ARM_GCC_541\Debug\Lab_2_7SEG.a(CyLFClk.o)
 .text.CySysClkIloStop
                0x00000000       0x4c .\CortexM0\ARM_GCC_541\Debug\Lab_2_7SEG.a(CyLFClk.o)
 .text.CySysClkSetLfclkSource
                0x00000000       0x38 .\CortexM0\ARM_GCC_541\Debug\Lab_2_7SEG.a(CyLFClk.o)
 .text.CySysClkWcoStop
                0x00000000       0x48 .\CortexM0\ARM_GCC_541\Debug\Lab_2_7SEG.a(CyLFClk.o)
 .text.CySysWdtGetInterruptSource
                0x00000000       0x14 .\CortexM0\ARM_GCC_541\Debug\Lab_2_7SEG.a(CyLFClk.o)
 .text.CySysWdtResetCounters
                0x00000000       0x20 .\CortexM0\ARM_GCC_541\Debug\Lab_2_7SEG.a(CyLFClk.o)
 .text.CySysWdtSetInterruptCallback
                0x00000000       0x20 .\CortexM0\ARM_GCC_541\Debug\Lab_2_7SEG.a(CyLFClk.o)
 .text.CySysWdtGetInterruptCallback
                0x00000000       0x20 .\CortexM0\ARM_GCC_541\Debug\Lab_2_7SEG.a(CyLFClk.o)
 .text.CySysWdtEnableCounterIsr
                0x00000000       0x34 .\CortexM0\ARM_GCC_541\Debug\Lab_2_7SEG.a(CyLFClk.o)
 .text.CySysWdtDisableCounterIsr
                0x00000000       0x28 .\CortexM0\ARM_GCC_541\Debug\Lab_2_7SEG.a(CyLFClk.o)
 .text.CySysWatchdogFeed
                0x00000000       0x60 .\CortexM0\ARM_GCC_541\Debug\Lab_2_7SEG.a(CyLFClk.o)
 .text.CySysTimerDelayUntilMatch
                0x00000000       0x6c .\CortexM0\ARM_GCC_541\Debug\Lab_2_7SEG.a(CyLFClk.o)
 .text.CySysTimerDelay
                0x00000000       0x3c .\CortexM0\ARM_GCC_541\Debug\Lab_2_7SEG.a(CyLFClk.o)
 .rodata        0x00000000        0xc .\CortexM0\ARM_GCC_541\Debug\Lab_2_7SEG.a(CyLFClk.o)
 .data          0x00000000        0x0 .\CortexM0\ARM_GCC_541\Debug\Lab_2_7SEG.a(CyBootAsmGnu.o)
 .bss           0x00000000        0x0 .\CortexM0\ARM_GCC_541\Debug\Lab_2_7SEG.a(CyBootAsmGnu.o)
 .data          0x00000000        0x0 c:/program files (x86)/cypress/psoc creator/4.4/psoc creator/import/gnu/arm/5.4.1/bin/../lib/gcc/arm-none-eabi/5.4.1/armv6-m\libgcc.a(_udivsi3.o)
 .bss           0x00000000        0x0 c:/program files (x86)/cypress/psoc creator/4.4/psoc creator/import/gnu/arm/5.4.1/bin/../lib/gcc/arm-none-eabi/5.4.1/armv6-m\libgcc.a(_udivsi3.o)
 .text          0x00000000      0x1d4 c:/program files (x86)/cypress/psoc creator/4.4/psoc creator/import/gnu/arm/5.4.1/bin/../lib/gcc/arm-none-eabi/5.4.1/armv6-m\libgcc.a(_divsi3.o)
 .data          0x00000000        0x0 c:/program files (x86)/cypress/psoc creator/4.4/psoc creator/import/gnu/arm/5.4.1/bin/../lib/gcc/arm-none-eabi/5.4.1/armv6-m\libgcc.a(_divsi3.o)
 .bss           0x00000000        0x0 c:/program files (x86)/cypress/psoc creator/4.4/psoc creator/import/gnu/arm/5.4.1/bin/../lib/gcc/arm-none-eabi/5.4.1/armv6-m\libgcc.a(_divsi3.o)
 .data          0x00000000        0x0 c:/program files (x86)/cypress/psoc creator/4.4/psoc creator/import/gnu/arm/5.4.1/bin/../lib/gcc/arm-none-eabi/5.4.1/armv6-m\libgcc.a(_dvmd_tls.o)
 .bss           0x00000000        0x0 c:/program files (x86)/cypress/psoc creator/4.4/psoc creator/import/gnu/arm/5.4.1/bin/../lib/gcc/arm-none-eabi/5.4.1/armv6-m\libgcc.a(_dvmd_tls.o)
 .text          0x00000000        0x0 c:/program files (x86)/cypress/psoc creator/4.4/psoc creator/import/gnu/arm/5.4.1/bin/../lib/gcc/arm-none-eabi/5.4.1/../../../../arm-none-eabi/lib/armv6-m\libg_nano.a(lib_a-errno.o)
 .data          0x00000000        0x0 c:/program files (x86)/cypress/psoc creator/4.4/psoc creator/import/gnu/arm/5.4.1/bin/../lib/gcc/arm-none-eabi/5.4.1/../../../../arm-none-eabi/lib/armv6-m\libg_nano.a(lib_a-errno.o)
 .bss           0x00000000        0x0 c:/program files (x86)/cypress/psoc creator/4.4/psoc creator/import/gnu/arm/5.4.1/bin/../lib/gcc/arm-none-eabi/5.4.1/../../../../arm-none-eabi/lib/armv6-m\libg_nano.a(lib_a-errno.o)
 .text          0x00000000        0x0 c:/program files (x86)/cypress/psoc creator/4.4/psoc creator/import/gnu/arm/5.4.1/bin/../lib/gcc/arm-none-eabi/5.4.1/../../../../arm-none-eabi/lib/armv6-m\libg_nano.a(lib_a-exit.o)
 .data          0x00000000        0x0 c:/program files (x86)/cypress/psoc creator/4.4/psoc creator/import/gnu/arm/5.4.1/bin/../lib/gcc/arm-none-eabi/5.4.1/../../../../arm-none-eabi/lib/armv6-m\libg_nano.a(lib_a-exit.o)
 .bss           0x00000000        0x0 c:/program files (x86)/cypress/psoc creator/4.4/psoc creator/import/gnu/arm/5.4.1/bin/../lib/gcc/arm-none-eabi/5.4.1/../../../../arm-none-eabi/lib/armv6-m\libg_nano.a(lib_a-exit.o)
 .text.exit     0x00000000       0x2c c:/program files (x86)/cypress/psoc creator/4.4/psoc creator/import/gnu/arm/5.4.1/bin/../lib/gcc/arm-none-eabi/5.4.1/../../../../arm-none-eabi/lib/armv6-m\libg_nano.a(lib_a-exit.o)
 .text          0x00000000        0x0 c:/program files (x86)/cypress/psoc creator/4.4/psoc creator/import/gnu/arm/5.4.1/bin/../lib/gcc/arm-none-eabi/5.4.1/../../../../arm-none-eabi/lib/armv6-m\libg_nano.a(lib_a-impure.o)
 .data          0x00000000        0x0 c:/program files (x86)/cypress/psoc creator/4.4/psoc creator/import/gnu/arm/5.4.1/bin/../lib/gcc/arm-none-eabi/5.4.1/../../../../arm-none-eabi/lib/armv6-m\libg_nano.a(lib_a-impure.o)
 .bss           0x00000000        0x0 c:/program files (x86)/cypress/psoc creator/4.4/psoc creator/import/gnu/arm/5.4.1/bin/../lib/gcc/arm-none-eabi/5.4.1/../../../../arm-none-eabi/lib/armv6-m\libg_nano.a(lib_a-impure.o)
 .rodata._global_impure_ptr
                0x00000000        0x4 c:/program files (x86)/cypress/psoc creator/4.4/psoc creator/import/gnu/arm/5.4.1/bin/../lib/gcc/arm-none-eabi/5.4.1/../../../../arm-none-eabi/lib/armv6-m\libg_nano.a(lib_a-impure.o)
 .text          0x00000000        0x0 c:/program files (x86)/cypress/psoc creator/4.4/psoc creator/import/gnu/arm/5.4.1/bin/../lib/gcc/arm-none-eabi/5.4.1/../../../../arm-none-eabi/lib/armv6-m\libg_nano.a(lib_a-init.o)
 .data          0x00000000        0x0 c:/program files (x86)/cypress/psoc creator/4.4/psoc creator/import/gnu/arm/5.4.1/bin/../lib/gcc/arm-none-eabi/5.4.1/../../../../arm-none-eabi/lib/armv6-m\libg_nano.a(lib_a-init.o)
 .bss           0x00000000        0x0 c:/program files (x86)/cypress/psoc creator/4.4/psoc creator/import/gnu/arm/5.4.1/bin/../lib/gcc/arm-none-eabi/5.4.1/../../../../arm-none-eabi/lib/armv6-m\libg_nano.a(lib_a-init.o)
 .text          0x00000000        0x0 c:/program files (x86)/cypress/psoc creator/4.4/psoc creator/import/gnu/arm/5.4.1/bin/../lib/gcc/arm-none-eabi/5.4.1/../../../../arm-none-eabi/lib/armv6-m\libg_nano.a(lib_a-memcpy-stub.o)
 .data          0x00000000        0x0 c:/program files (x86)/cypress/psoc creator/4.4/psoc creator/import/gnu/arm/5.4.1/bin/../lib/gcc/arm-none-eabi/5.4.1/../../../../arm-none-eabi/lib/armv6-m\libg_nano.a(lib_a-memcpy-stub.o)
 .bss           0x00000000        0x0 c:/program files (x86)/cypress/psoc creator/4.4/psoc creator/import/gnu/arm/5.4.1/bin/../lib/gcc/arm-none-eabi/5.4.1/../../../../arm-none-eabi/lib/armv6-m\libg_nano.a(lib_a-memcpy-stub.o)
 .text          0x00000000        0x0 c:/program files (x86)/cypress/psoc creator/4.4/psoc creator/import/gnu/arm/5.4.1/bin/../lib/gcc/arm-none-eabi/5.4.1/../../../../arm-none-eabi/lib/armv6-m\libg_nano.a(lib_a-memset.o)
 .data          0x00000000        0x0 c:/program files (x86)/cypress/psoc creator/4.4/psoc creator/import/gnu/arm/5.4.1/bin/../lib/gcc/arm-none-eabi/5.4.1/../../../../arm-none-eabi/lib/armv6-m\libg_nano.a(lib_a-memset.o)
 .bss           0x00000000        0x0 c:/program files (x86)/cypress/psoc creator/4.4/psoc creator/import/gnu/arm/5.4.1/bin/../lib/gcc/arm-none-eabi/5.4.1/../../../../arm-none-eabi/lib/armv6-m\libg_nano.a(lib_a-memset.o)
 .text          0x00000000        0x0 c:/program files (x86)/cypress/psoc creator/4.4/psoc creator/import/gnu/arm/5.4.1/bin/../lib/gcc/arm-none-eabi/5.4.1/armv6-m/crtend.o
 .data          0x00000000        0x0 c:/program files (x86)/cypress/psoc creator/4.4/psoc creator/import/gnu/arm/5.4.1/bin/../lib/gcc/arm-none-eabi/5.4.1/armv6-m/crtend.o
 .bss           0x00000000        0x0 c:/program files (x86)/cypress/psoc creator/4.4/psoc creator/import/gnu/arm/5.4.1/bin/../lib/gcc/arm-none-eabi/5.4.1/armv6-m/crtend.o
 .text          0x00000000        0x0 c:/program files (x86)/cypress/psoc creator/4.4/psoc creator/import/gnu/arm/5.4.1/bin/../lib/gcc/arm-none-eabi/5.4.1/armv6-m/crtn.o
 .data          0x00000000        0x0 c:/program files (x86)/cypress/psoc creator/4.4/psoc creator/import/gnu/arm/5.4.1/bin/../lib/gcc/arm-none-eabi/5.4.1/armv6-m/crtn.o
 .bss           0x00000000        0x0 c:/program files (x86)/cypress/psoc creator/4.4/psoc creator/import/gnu/arm/5.4.1/bin/../lib/gcc/arm-none-eabi/5.4.1/armv6-m/crtn.o

Memory Configuration

Name             Origin             Length             Attributes
rom              0x00000000         0x00040000         xr
ram              0x20000000         0x00008000         xrw
*default*        0x00000000         0xffffffff

Linker script and memory map

LOAD c:/program files (x86)/cypress/psoc creator/4.4/psoc creator/import/gnu/arm/5.4.1/bin/../lib/gcc/arm-none-eabi/5.4.1/armv6-m/crti.o
LOAD c:/program files (x86)/cypress/psoc creator/4.4/psoc creator/import/gnu/arm/5.4.1/bin/../lib/gcc/arm-none-eabi/5.4.1/armv6-m/crtbegin.o
LOAD c:/program files (x86)/cypress/psoc creator/4.4/psoc creator/import/gnu/arm/5.4.1/bin/../lib/gcc/arm-none-eabi/5.4.1/../../../../arm-none-eabi/lib/armv6-m/crt0.o
START GROUP
LOAD .\CortexM0\ARM_GCC_541\Debug\main.o
LOAD .\CortexM0\ARM_GCC_541\Debug\cyfitter_cfg.o
LOAD .\CortexM0\ARM_GCC_541\Debug\cymetadata.o
LOAD .\CortexM0\ARM_GCC_541\Debug\Cm0Start.o
LOAD .\CortexM0\ARM_GCC_541\Debug\Lab_2_7SEG.a
END GROUP
START GROUP
LOAD c:/program files (x86)/cypress/psoc creator/4.4/psoc creator/import/gnu/arm/5.4.1/bin/../lib/gcc/arm-none-eabi/5.4.1/armv6-m\libgcc.a
LOAD c:/program files (x86)/cypress/psoc creator/4.4/psoc creator/import/gnu/arm/5.4.1/bin/../lib/gcc/arm-none-eabi/5.4.1/../../../../arm-none-eabi/lib/armv6-m\libg_nano.a
LOAD c:/program files (x86)/cypress/psoc creator/4.4/psoc creator/import/gnu/arm/5.4.1/bin/../lib/gcc/arm-none-eabi/5.4.1/../../../../arm-none-eabi/lib/armv6-m\libc_nano.a
END GROUP
START GROUP
LOAD c:/program files (x86)/cypress/psoc creator/4.4/psoc creator/import/gnu/arm/5.4.1/bin/../lib/gcc/arm-none-eabi/5.4.1/armv6-m\libgcc.a
LOAD c:/program files (x86)/cypress/psoc creator/4.4/psoc creator/import/gnu/arm/5.4.1/bin/../lib/gcc/arm-none-eabi/5.4.1/../../../../arm-none-eabi/lib/armv6-m\libc_nano.a
END GROUP
LOAD c:/program files (x86)/cypress/psoc creator/4.4/psoc creator/import/gnu/arm/5.4.1/bin/../lib/gcc/arm-none-eabi/5.4.1/armv6-m/crtend.o
LOAD c:/program files (x86)/cypress/psoc creator/4.4/psoc creator/import/gnu/arm/5.4.1/bin/../lib/gcc/arm-none-eabi/5.4.1/armv6-m/crtn.o
START GROUP
LOAD c:/program files (x86)/cypress/psoc creator/4.4/psoc creator/import/gnu/arm/5.4.1/bin/../lib/gcc/arm-none-eabi/5.4.1/armv6-m\libgcc.a
LOAD c:/program files (x86)/cypress/psoc creator/4.4/psoc creator/import/gnu/arm/5.4.1/bin/../lib/gcc/arm-none-eabi/5.4.1/../../../../arm-none-eabi/lib/armv6-m\libc.a
LOAD c:/program files (x86)/cypress/psoc creator/4.4/psoc creator/import/gnu/arm/5.4.1/bin/../lib/gcc/arm-none-eabi/5.4.1/../../../../arm-none-eabi/lib/armv6-m\libnosys.a
END GROUP
                0x00000000                CY_APPL_ORIGIN = 0x0
                0x00000100                CY_FLASH_ROW_SIZE = 0x100
                0x00000001                CY_APPL_NUM = 0x1
                0x00000001                CY_APPL_MAX = 0x1
                0x00000040                CY_METADATA_SIZE = 0x40
                0x00000000                CY_APPL_LOADABLE = 0x0
                0x00000000                CY_CHECKSUM_EXCLUDE_SIZE = ALIGN (0x0, CY_FLASH_ROW_SIZE)
                0x00000000                CY_APP_FOR_STACK_AND_COPIER = 0x0
                [!provide]                PROVIDE (__cy_heap_start, _end)
                0x00000001                PROVIDE (__cy_region_num, ((__cy_regions_end - __cy_regions) / 0x10))
                0x20008000                PROVIDE (__cy_stack, (ORIGIN (ram) + LENGTH (ram)))
                [!provide]                PROVIDE (__cy_heap_end, (__cy_stack - 0x400))

.cybootloader   0x00000000        0x0
 *(.cybootloader)
                0x00000000                appl1_start = CY_APPL_ORIGIN?CY_APPL_ORIGIN:ALIGN (CY_FLASH_ROW_SIZE)
                0x0001ff00                appl2_start = (appl1_start + ALIGN ((((LENGTH (rom) - appl1_start) - (0x2 * CY_FLASH_ROW_SIZE)) / 0x2), CY_FLASH_ROW_SIZE))
                0x00000000                appl_start = (CY_APPL_NUM == 0x1)?appl1_start:appl2_start
                0x00000001                cy_project_type_bootloader = (appl_start == 0x0)?0x1:0x0
                0x00000000                cy_project_type_app_for_stack_and_copier = (CY_APP_FOR_STACK_AND_COPIER == 0x1)?0x1:0x0

.text           0x00000000      0xc7a
 CREATE_OBJECT_SYMBOLS
                0x00000000                PROVIDE (__cy_interrupt_vector, RomVectors)
 *(.romvectors)
 .romvectors    0x00000000       0x10 .\CortexM0\ARM_GCC_541\Debug\Cm0Start.o
                0x00000000                RomVectors
                0x00000001                ASSERT ((. != __cy_interrupt_vector), No interrupt vector)
                0x00000001                ASSERT (CY_APPL_ORIGIN?(SIZEOF (.cybootloader) <= CY_APPL_ORIGIN):0x1, Wrong image location)
                0x00000010                PROVIDE (__cy_reset, Reset)
 *(.text.Reset)
 .text.Reset    0x00000010        0x8 .\CortexM0\ARM_GCC_541\Debug\Cm0Start.o
                0x00000010                Reset
                0x00000001                ASSERT ((. != __cy_reset), No reset code)
 *(.psocinit)
 .psocinit      0x00000018      0x264 .\CortexM0\ARM_GCC_541\Debug\cyfitter_cfg.o
                0x00000130                cyfitter_cfg
                0x0000027c                . = MAX (., 0x100)
 *(.text .text.* .gnu.linkonce.t.*)
 .text          0x0000027c       0x60 c:/program files (x86)/cypress/psoc creator/4.4/psoc creator/import/gnu/arm/5.4.1/bin/../lib/gcc/arm-none-eabi/5.4.1/armv6-m/crtbegin.o
 .text.isr_100Hz
                0x000002dc       0x24 .\CortexM0\ARM_GCC_541\Debug\main.o
                0x000002dc                isr_100Hz
 .text.out7seg  0x00000300       0x70 .\CortexM0\ARM_GCC_541\Debug\main.o
                0x00000300                out7seg
 .text.main     0x00000370       0x44 .\CortexM0\ARM_GCC_541\Debug\main.o
                0x00000370                main
 .text.cfg_write_bytes32
                0x000003b4       0x34 .\CortexM0\ARM_GCC_541\Debug\cyfitter_cfg.o
 .text.AnalogSetDefault
                0x000003e8       0x20 .\CortexM0\ARM_GCC_541\Debug\cyfitter_cfg.o
 .text.CYMEMZERO
                0x00000408        0xc .\CortexM0\ARM_GCC_541\Debug\cyfitter_cfg.o
 .text.CYCONFIGCPYCODE
                0x00000414        0x8 .\CortexM0\ARM_GCC_541\Debug\cyfitter_cfg.o
 .text.IntDefaultHandler
                0x0000041c       0x10 .\CortexM0\ARM_GCC_541\Debug\Cm0Start.o
                0x0000041c                IntDefaultHandler
 .text.Start_c  0x0000042c       0x48 .\CortexM0\ARM_GCC_541\Debug\Cm0Start.o
                0x0000042c                Start_c
 .text.initialize_psoc
                0x00000474       0x4c .\CortexM0\ARM_GCC_541\Debug\Cm0Start.o
                0x00000474                initialize_psoc
 .text.SPIM_Enable
                0x000004c0       0x40 .\CortexM0\ARM_GCC_541\Debug\Lab_2_7SEG.a(SPIM.o)
                0x000004c0                SPIM_Enable
 .text.SPIM_ReadTxStatus
                0x00000500        0xc .\CortexM0\ARM_GCC_541\Debug\Lab_2_7SEG.a(SPIM.o)
                0x00000500                SPIM_ReadTxStatus
 .text.SPIM_ReadRxStatus
                0x0000050c        0xc .\CortexM0\ARM_GCC_541\Debug\Lab_2_7SEG.a(SPIM.o)
                0x0000050c                SPIM_ReadRxStatus
 .text.SPIM_WriteTxData
                0x00000518       0x18 .\CortexM0\ARM_GCC_541\Debug\Lab_2_7SEG.a(SPIM.o)
                0x00000518                SPIM_WriteTxData
 .text.SPIM_ClearFIFO
                0x00000530       0x50 .\CortexM0\ARM_GCC_541\Debug\Lab_2_7SEG.a(SPIM.o)
                0x00000530                SPIM_ClearFIFO
 .text.SPIM_Init
                0x00000580       0x2c .\CortexM0\ARM_GCC_541\Debug\Lab_2_7SEG.a(SPIM.o)
                0x00000580                SPIM_Init
 .text.SPIM_Start
                0x000005ac       0x20 .\CortexM0\ARM_GCC_541\Debug\Lab_2_7SEG.a(SPIM.o)
                0x000005ac                SPIM_Start
 .text.isr_100Hz_SetVector
                0x000005cc        0xc .\CortexM0\ARM_GCC_541\Debug\Lab_2_7SEG.a(isr_100Hz.o)
                0x000005cc                isr_100Hz_SetVector
 .text.isr_100Hz_SetPriority
                0x000005d8       0x24 .\CortexM0\ARM_GCC_541\Debug\Lab_2_7SEG.a(isr_100Hz.o)
                0x000005d8                isr_100Hz_SetPriority
 .text.isr_100Hz_Enable
                0x000005fc        0xc .\CortexM0\ARM_GCC_541\Debug\Lab_2_7SEG.a(isr_100Hz.o)
                0x000005fc                isr_100Hz_Enable
 .text.isr_100Hz_Disable
                0x00000608        0xc .\CortexM0\ARM_GCC_541\Debug\Lab_2_7SEG.a(isr_100Hz.o)
                0x00000608                isr_100Hz_Disable
 .text.isr_100Hz_StartEx
                0x00000614       0x1c .\CortexM0\ARM_GCC_541\Debug\Lab_2_7SEG.a(isr_100Hz.o)
                0x00000614                isr_100Hz_StartEx
 .text.Pin_B2_Read
                0x00000630       0x10 .\CortexM0\ARM_GCC_541\Debug\Lab_2_7SEG.a(Pin_B2.o)
                0x00000630                Pin_B2_Read
 .text.Pin_B1_Read
                0x00000640       0x10 .\CortexM0\ARM_GCC_541\Debug\Lab_2_7SEG.a(Pin_B1.o)
                0x00000640                Pin_B1_Read
 .text.SPIM_IntClock_StartEx
                0x00000650       0x1c .\CortexM0\ARM_GCC_541\Debug\Lab_2_7SEG.a(SPIM_IntClock.o)
                0x00000650                SPIM_IntClock_StartEx
 .text.CySysClkEcoReadStatus
                0x0000066c       0x10 .\CortexM0\ARM_GCC_541\Debug\Lab_2_7SEG.a(CyLib.o)
                0x0000066c                CySysClkEcoReadStatus
 .text.CyIntEnable
                0x0000067c       0x14 .\CortexM0\ARM_GCC_541\Debug\Lab_2_7SEG.a(CyLib.o)
                0x0000067c                CyIntEnable
 .text.CyHalt   0x00000690        0x4 .\CortexM0\ARM_GCC_541\Debug\Lab_2_7SEG.a(CyLib.o)
                0x00000690                CyHalt
 .text.CyIntSetVector
                0x00000694       0x24 .\CortexM0\ARM_GCC_541\Debug\Lab_2_7SEG.a(CyLib.o)
                0x00000694                CyIntSetVector
 .text.CyDelay  0x000006b8       0x30 .\CortexM0\ARM_GCC_541\Debug\Lab_2_7SEG.a(CyLib.o)
                0x000006b8                CyDelay
 .text.CyDelayUs
                0x000006e8       0x14 .\CortexM0\ARM_GCC_541\Debug\Lab_2_7SEG.a(CyLib.o)
                0x000006e8                CyDelayUs
 .text.CySysClkWriteImoFreq
                0x000006fc      0x164 .\CortexM0\ARM_GCC_541\Debug\Lab_2_7SEG.a(CyLib.o)
                0x000006fc                CySysClkWriteImoFreq
 .text.CySysClkEcoStart
                0x00000860       0x54 .\CortexM0\ARM_GCC_541\Debug\Lab_2_7SEG.a(CyLib.o)
                0x00000860                CySysClkEcoStart
 .text.CySysWdtLocked
                0x000008b4       0x14 .\CortexM0\ARM_GCC_541\Debug\Lab_2_7SEG.a(CyLFClk.o)
 .text.CySysClkWcoStart
                0x000008c8       0x40 .\CortexM0\ARM_GCC_541\Debug\Lab_2_7SEG.a(CyLFClk.o)
                0x000008c8                CySysClkWcoStart
 .text.CySysClkWcoSetPowerMode
                0x00000908       0x80 .\CortexM0\ARM_GCC_541\Debug\Lab_2_7SEG.a(CyLFClk.o)
                0x00000908                CySysClkWcoSetPowerMode
 .text.CySysWdtLock
                0x00000988       0x1c .\CortexM0\ARM_GCC_541\Debug\Lab_2_7SEG.a(CyLFClk.o)
                0x00000988                CySysWdtLock
 .text.CySysWdtUnlock
                0x000009a4       0x30 .\CortexM0\ARM_GCC_541\Debug\Lab_2_7SEG.a(CyLFClk.o)
                0x000009a4                CySysWdtUnlock
 .text.CySysWdtClearInterrupt
                0x000009d4       0x4c .\CortexM0\ARM_GCC_541\Debug\Lab_2_7SEG.a(CyLFClk.o)
                0x000009d4                CySysWdtClearInterrupt
 .text.CySysWdtIsr
                0x00000a20       0xa4 .\CortexM0\ARM_GCC_541\Debug\Lab_2_7SEG.a(CyLFClk.o)
                0x00000a20                CySysWdtIsr
 *fill*         0x00000ac4        0x4 
 .text          0x00000ac8       0x20 .\CortexM0\ARM_GCC_541\Debug\Lab_2_7SEG.a(CyBootAsmGnu.o)
                0x00000ac8                CyDelayCycles
                0x00000ada                CyEnterCriticalSection
                0x00000ae2                CyExitCriticalSection
 .text          0x00000ae8      0x114 c:/program files (x86)/cypress/psoc creator/4.4/psoc creator/import/gnu/arm/5.4.1/bin/../lib/gcc/arm-none-eabi/5.4.1/armv6-m\libgcc.a(_udivsi3.o)
                0x00000ae8                __aeabi_uidiv
                0x00000ae8                __udivsi3
                0x00000bf4                __aeabi_uidivmod
 .text          0x00000bfc        0x4 c:/program files (x86)/cypress/psoc creator/4.4/psoc creator/import/gnu/arm/5.4.1/bin/../lib/gcc/arm-none-eabi/5.4.1/armv6-m\libgcc.a(_dvmd_tls.o)
                0x00000bfc                __aeabi_idiv0
                0x00000bfc                __aeabi_ldiv0
 .text.__errno  0x00000c00        0xc c:/program files (x86)/cypress/psoc creator/4.4/psoc creator/import/gnu/arm/5.4.1/bin/../lib/gcc/arm-none-eabi/5.4.1/../../../../arm-none-eabi/lib/armv6-m\libg_nano.a(lib_a-errno.o)
                0x00000c00                __errno
 .text.__libc_init_array
                0x00000c0c       0x4c c:/program files (x86)/cypress/psoc creator/4.4/psoc creator/import/gnu/arm/5.4.1/bin/../lib/gcc/arm-none-eabi/5.4.1/../../../../arm-none-eabi/lib/armv6-m\libg_nano.a(lib_a-init.o)
                0x00000c0c                __libc_init_array
 .text.memcpy   0x00000c58       0x12 c:/program files (x86)/cypress/psoc creator/4.4/psoc creator/import/gnu/arm/5.4.1/bin/../lib/gcc/arm-none-eabi/5.4.1/../../../../arm-none-eabi/lib/armv6-m\libg_nano.a(lib_a-memcpy-stub.o)
                0x00000c58                memcpy
 .text.memset   0x00000c6a       0x10 c:/program files (x86)/cypress/psoc creator/4.4/psoc creator/import/gnu/arm/5.4.1/bin/../lib/gcc/arm-none-eabi/5.4.1/../../../../arm-none-eabi/lib/armv6-m\libg_nano.a(lib_a-memset.o)
                0x00000c6a                memset
 *(.plt)
 *(.gnu.warning)
 *(.glue_7t)
 .glue_7t       0x00000c7a        0x0 linker stubs
 *(.glue_7)
 .glue_7        0x00000c7a        0x0 linker stubs
 *(.vfp11_veneer)
 .vfp11_veneer  0x00000c7a        0x0 linker stubs
 *(.bootloader)
 *(.ARM.extab* .gnu.linkonce.armextab.*)
 *(.gcc_except_table)

.v4_bx          0x00000c7c        0x0
 .v4_bx         0x00000c7c        0x0 linker stubs

.iplt           0x00000c7c        0x0
 .iplt          0x00000c7c        0x0 c:/program files (x86)/cypress/psoc creator/4.4/psoc creator/import/gnu/arm/5.4.1/bin/../lib/gcc/arm-none-eabi/5.4.1/armv6-m/crtbegin.o

.eh_frame_hdr
 *(.eh_frame_hdr)

.eh_frame       0x00000c7c        0x4
 *(.eh_frame)
 .eh_frame      0x00000c7c        0x0 c:/program files (x86)/cypress/psoc creator/4.4/psoc creator/import/gnu/arm/5.4.1/bin/../lib/gcc/arm-none-eabi/5.4.1/armv6-m/crtbegin.o
 .eh_frame      0x00000c7c        0x4 c:/program files (x86)/cypress/psoc creator/4.4/psoc creator/import/gnu/arm/5.4.1/bin/../lib/gcc/arm-none-eabi/5.4.1/armv6-m/crtend.o
                [!provide]                PROVIDE (__exidx_start, .)

.ARM.exidx
 *(.ARM.exidx* .gnu.linkonce.armexidx.*)
                0x00000c80                __exidx_end = .

.rodata         0x00000c80      0x2c8
 *(.rodata .rodata.* .gnu.linkonce.r.*)
 .rodata        0x00000c80        0xa .\CortexM0\ARM_GCC_541\Debug\main.o
                0x00000c80                KOD7
 *fill*         0x00000c8a        0x2 
 .rodata        0x00000c8c      0x254 .\CortexM0\ARM_GCC_541\Debug\cyfitter_cfg.o
 .rodata        0x00000ee0       0x2e .\CortexM0\ARM_GCC_541\Debug\Lab_2_7SEG.a(CyLib.o)
                0x00000ee0                cyImoFreqMhz2Reg
 .rodata.str1.1
                0x00000f0e        0x2 c:/program files (x86)/cypress/psoc creator/4.4/psoc creator/import/gnu/arm/5.4.1/bin/../lib/gcc/arm-none-eabi/5.4.1/../../../../arm-none-eabi/lib/armv6-m\libg_nano.a(lib_a-impure.o)
                0x00000f10                . = ALIGN (0x4)
 *(.init)
 .init          0x00000f10        0x4 c:/program files (x86)/cypress/psoc creator/4.4/psoc creator/import/gnu/arm/5.4.1/bin/../lib/gcc/arm-none-eabi/5.4.1/armv6-m/crti.o
                0x00000f10                _init
 .init          0x00000f14        0x8 c:/program files (x86)/cypress/psoc creator/4.4/psoc creator/import/gnu/arm/5.4.1/bin/../lib/gcc/arm-none-eabi/5.4.1/armv6-m/crtn.o
                0x00000f1c                . = ALIGN (0x4)
                0x00000f1c                __preinit_array_start = .
 *(.preinit_array)
                0x00000f1c                __preinit_array_end = .
                0x00000f1c                . = ALIGN (0x4)
                0x00000f1c                __init_array_start = .
 *(SORT(.init_array.*))
 *(.init_array)
 .init_array    0x00000f1c        0x4 c:/program files (x86)/cypress/psoc creator/4.4/psoc creator/import/gnu/arm/5.4.1/bin/../lib/gcc/arm-none-eabi/5.4.1/armv6-m/crtbegin.o
 .init_array    0x00000f20        0x4 .\CortexM0\ARM_GCC_541\Debug\Cm0Start.o
                0x00000f24                __init_array_end = .
                0x00000f24                . = ALIGN (0x4)
 *(.fini)
 .fini          0x00000f24        0x4 c:/program files (x86)/cypress/psoc creator/4.4/psoc creator/import/gnu/arm/5.4.1/bin/../lib/gcc/arm-none-eabi/5.4.1/armv6-m/crti.o
                0x00000f24                _fini
 .fini          0x00000f28        0x8 c:/program files (x86)/cypress/psoc creator/4.4/psoc creator/import/gnu/arm/5.4.1/bin/../lib/gcc/arm-none-eabi/5.4.1/armv6-m/crtn.o
                0x00000f30                . = ALIGN (0x4)
                0x00000f30                __fini_array_start = .
 *(.fini_array)
 .fini_array    0x00000f30        0x4 c:/program files (x86)/cypress/psoc creator/4.4/psoc creator/import/gnu/arm/5.4.1/bin/../lib/gcc/arm-none-eabi/5.4.1/armv6-m/crtbegin.o
 *(SORT(.fini_array.*))
                0x00000f34                __fini_array_end = .
                0x00000f34                . = ALIGN (0x4)
 *crtbegin.o(.ctors)
 *(EXCLUDE_FILE(*crtend.o) .ctors)
 *(SORT(.ctors.*))
 *crtend.o(.ctors)
                0x00000f34                . = ALIGN (0x4)
 *crtbegin.o(.dtors)
 *(EXCLUDE_FILE(*crtend.o) .dtors)
 *(SORT(.dtors.*))
 *crtend.o(.dtors)
                0x00000f34                . = ALIGN (0x4)
                0x00000f34                __cy_regions = .
                0x00000f34        0x4 LONG 0xf48 __cy_region_init_ram
                0x00000f38        0x4 LONG 0x200000c0 __cy_region_start_data
                0x00000f3c        0x4 LONG 0x90 __cy_region_init_size_ram
                0x00000f40        0x4 LONG 0x48 __cy_region_zero_size_ram
                0x00000f44                __cy_regions_end = .
                0x00000f48                . = ALIGN (0x8)
 *fill*         0x00000f44        0x4 
                0x00000f48                _etext = .

.cy_checksum_exclude
                0x00000f48        0x0
 *(.cy_checksum_exclude)

.ramvectors     0x20000000       0xc0
                0x20000000                __cy_region_start_ram = .
 *(.ramvectors)
 .ramvectors    0x20000000       0xc0 .\CortexM0\ARM_GCC_541\Debug\Cm0Start.o
                0x20000000                CyRamVectors

.noinit
 *(.noinit)

.data           0x200000c0       0x90 load address 0x00000f48
                0x200000c0                __cy_region_start_data = .
 *(.jcr)
 .jcr           0x200000c0        0x0 c:/program files (x86)/cypress/psoc creator/4.4/psoc creator/import/gnu/arm/5.4.1/bin/../lib/gcc/arm-none-eabi/5.4.1/armv6-m/crtbegin.o
 .jcr           0x200000c0        0x4 c:/program files (x86)/cypress/psoc creator/4.4/psoc creator/import/gnu/arm/5.4.1/bin/../lib/gcc/arm-none-eabi/5.4.1/armv6-m/crtend.o
 *(.got.plt)
 *(.got)
 *(.shdata)
 *(.data .data.* .gnu.linkonce.d.*)
 .data          0x200000c4        0x8 .\CortexM0\ARM_GCC_541\Debug\main.o
                0x200000c4                indyk
 .data          0x200000cc       0x14 .\CortexM0\ARM_GCC_541\Debug\Lab_2_7SEG.a(CyLib.o)
                0x200000cc                CySysClkPumpConfig
                0x200000d0                cydelay32kMs
                0x200000d4                cydelayFreqKhz
                0x200000d8                cydelayFreqMhz
                0x200000dc                cydelayFreqHz
 .data          0x200000e0        0x8 .\CortexM0\ARM_GCC_541\Debug\Lab_2_7SEG.a(CyLFClk.o)
 .data.impure_data
                0x200000e8       0x60 c:/program files (x86)/cypress/psoc creator/4.4/psoc creator/import/gnu/arm/5.4.1/bin/../lib/gcc/arm-none-eabi/5.4.1/../../../../arm-none-eabi/lib/armv6-m\libg_nano.a(lib_a-impure.o)
 .data._impure_ptr
                0x20000148        0x4 c:/program files (x86)/cypress/psoc creator/4.4/psoc creator/import/gnu/arm/5.4.1/bin/../lib/gcc/arm-none-eabi/5.4.1/../../../../arm-none-eabi/lib/armv6-m\libg_nano.a(lib_a-impure.o)
                0x20000148                _impure_ptr
                0x20000150                . = ALIGN (0x8)
 *fill*         0x2000014c        0x4 
 *(.ram)
                0x20000150                _edata = .

.igot.plt       0x20000150        0x0 load address 0x00000fd8
 .igot.plt      0x20000150        0x0 c:/program files (x86)/cypress/psoc creator/4.4/psoc creator/import/gnu/arm/5.4.1/bin/../lib/gcc/arm-none-eabi/5.4.1/armv6-m/crtbegin.o

.bss            0x20000150       0x48 load address 0x00000fd8
                0x20000150                PROVIDE (__bss_start__, .)
 *(.shbss)
 *(.bss .bss.* .gnu.linkonce.b.*)
 .bss           0x20000150       0x1c c:/program files (x86)/cypress/psoc creator/4.4/psoc creator/import/gnu/arm/5.4.1/bin/../lib/gcc/arm-none-eabi/5.4.1/armv6-m/crtbegin.o
 .bss           0x2000016c        0x1 .\CortexM0\ARM_GCC_541\Debug\main.o
 .bss           0x2000016d        0x1 .\CortexM0\ARM_GCC_541\Debug\Lab_2_7SEG.a(SPIM.o)
                0x2000016d                SPIM_initVar
 *fill*         0x2000016e        0x2 
 .bss           0x20000170       0x28 .\CortexM0\ARM_GCC_541\Debug\Lab_2_7SEG.a(CyLFClk.o)
 *(COMMON)
                0x20000198                . = ALIGN (0x8)
 *(.ram.b)
                0x20000198                _end = .
                0x20000198                __end = .
                0x20000198                PROVIDE (end, .)
                0x20000198                PROVIDE (__bss_end__, .)
                0x00000f48                __cy_region_init_ram = LOADADDR (.data)
                0x00000090                __cy_region_init_size_ram = (_edata - ADDR (.data))
                0x00000048                __cy_region_zero_size_ram = (_end - _edata)

.heap           0x20000198       0x80 load address 0x00000fd8
                0x20000198                . = _end
                0x20000218                . = (. + 0x80)
 *fill*         0x20000198       0x80 
                0x20000218                __cy_heap_limit = .

.stack          0x20007c00      0x400
                0x20007c00                __cy_stack_limit = .
                0x20008000                . = (. + 0x400)
 *fill*         0x20007c00      0x400 
                0x00000001                ASSERT ((__cy_stack_limit >= __cy_heap_limit), region RAM overflowed with stack)
                0x00000000                cy_checksum_exclude_size = (CY_APPL_LOADABLE == 0x1)?SIZEOF (.cy_checksum_exclude):0x0
                0x00000001                ASSERT ((cy_checksum_exclude_size <= CY_CHECKSUM_EXCLUDE_SIZE), CY_BOOT: Section .cy_checksum_exclude size exceedes specified limit.)
                0x0003ffc0                cyloadermeta_start = (cy_project_type_bootloader || cy_project_type_app_for_stack_and_copier)?(LENGTH (rom) - CY_METADATA_SIZE):0xf0000000

.cyloadermeta
 *(.cyloadermeta)
                0x0003ffc0                cyloadablemeta_start = cy_project_type_app_for_stack_and_copier?((LENGTH (rom) - CY_FLASH_ROW_SIZE) - CY_METADATA_SIZE):((LENGTH (rom) - (CY_FLASH_ROW_SIZE * (CY_APPL_NUM - 0x1))) - CY_METADATA_SIZE)

.cyloadablemeta
 *(.cyloadablemeta)

.cyflashprotect
                0x90400000       0x80
 *(.cyflashprotect)
 .cyflashprotect
                0x90400000       0x80 .\CortexM0\ARM_GCC_541\Debug\cymetadata.o
                0x90400000                cy_meta_flashprotect

.cymeta         0x90500000        0xc
 *(.cymeta)
 .cymeta        0x90500000        0xc .\CortexM0\ARM_GCC_541\Debug\cymetadata.o
                0x90500000                cy_metadata

.cychipprotect  0x90600000        0x1
 *(.cychipprotect)
 .cychipprotect
                0x90600000        0x1 .\CortexM0\ARM_GCC_541\Debug\cymetadata.o
                0x90600000                cy_meta_chipprotect

.rel.dyn        0x00000fd8        0x0 load address 0x90600004
 .rel.iplt      0x00000fd8        0x0 c:/program files (x86)/cypress/psoc creator/4.4/psoc creator/import/gnu/arm/5.4.1/bin/../lib/gcc/arm-none-eabi/5.4.1/armv6-m/crtbegin.o

.stab
 *(.stab)

.stabstr
 *(.stabstr)

.debug
 *(.debug)

.line
 *(.line)

.debug_srcinfo
 *(.debug_srcinfo)

.debug_sfnames
 *(.debug_sfnames)

.debug_aranges  0x00000000      0x678
 *(.debug_aranges)
 .debug_aranges
                0x00000000       0x30 .\CortexM0\ARM_GCC_541\Debug\main.o
 .debug_aranges
                0x00000030       0x48 .\CortexM0\ARM_GCC_541\Debug\cyfitter_cfg.o
 .debug_aranges
                0x00000078       0x18 .\CortexM0\ARM_GCC_541\Debug\cymetadata.o
 .debug_aranges
                0x00000090       0x48 .\CortexM0\ARM_GCC_541\Debug\Cm0Start.o
 .debug_aranges
                0x000000d8       0xd8 .\CortexM0\ARM_GCC_541\Debug\Lab_2_7SEG.a(SPIM.o)
 .debug_aranges
                0x000001b0       0x80 .\CortexM0\ARM_GCC_541\Debug\Lab_2_7SEG.a(isr_100Hz.o)
 .debug_aranges
                0x00000230       0x48 .\CortexM0\ARM_GCC_541\Debug\Lab_2_7SEG.a(Pin_B2.o)
 .debug_aranges
                0x00000278       0x48 .\CortexM0\ARM_GCC_541\Debug\Lab_2_7SEG.a(Pin_B1.o)
 .debug_aranges
                0x000002c0       0x40 .\CortexM0\ARM_GCC_541\Debug\Lab_2_7SEG.a(SPIM_IntClock.o)
 .debug_aranges
                0x00000300      0x1d0 .\CortexM0\ARM_GCC_541\Debug\Lab_2_7SEG.a(CyLib.o)
 .debug_aranges
                0x000004d0      0x188 .\CortexM0\ARM_GCC_541\Debug\Lab_2_7SEG.a(CyLFClk.o)
 .debug_aranges
                0x00000658       0x20 .\CortexM0\ARM_GCC_541\Debug\Lab_2_7SEG.a(CyBootAsmGnu.o)

.debug_pubnames
 *(.debug_pubnames)

.debug_info     0x00000000     0x3701
 *(.debug_info .gnu.linkonce.wi.*)
 .debug_info    0x00000000      0x230 .\CortexM0\ARM_GCC_541\Debug\main.o
 .debug_info    0x00000230      0x595 .\CortexM0\ARM_GCC_541\Debug\cyfitter_cfg.o
 .debug_info    0x000007c5       0xf8 .\CortexM0\ARM_GCC_541\Debug\cymetadata.o
 .debug_info    0x000008bd      0x3a2 .\CortexM0\ARM_GCC_541\Debug\Cm0Start.o
 .debug_info    0x00000c5f      0x4df .\CortexM0\ARM_GCC_541\Debug\Lab_2_7SEG.a(SPIM.o)
 .debug_info    0x0000113e      0x305 .\CortexM0\ARM_GCC_541\Debug\Lab_2_7SEG.a(isr_100Hz.o)
 .debug_info    0x00001443      0x19d .\CortexM0\ARM_GCC_541\Debug\Lab_2_7SEG.a(Pin_B2.o)
 .debug_info    0x000015e0      0x19d .\CortexM0\ARM_GCC_541\Debug\Lab_2_7SEG.a(Pin_B1.o)
 .debug_info    0x0000177d      0x166 .\CortexM0\ARM_GCC_541\Debug\Lab_2_7SEG.a(SPIM_IntClock.o)
 .debug_info    0x000018e3      0xd2b .\CortexM0\ARM_GCC_541\Debug\Lab_2_7SEG.a(CyLib.o)
 .debug_info    0x0000260e     0x1071 .\CortexM0\ARM_GCC_541\Debug\Lab_2_7SEG.a(CyLFClk.o)
 .debug_info    0x0000367f       0x82 .\CortexM0\ARM_GCC_541\Debug\Lab_2_7SEG.a(CyBootAsmGnu.o)

.debug_abbrev   0x00000000      0xeb4
 *(.debug_abbrev)
 .debug_abbrev  0x00000000      0x125 .\CortexM0\ARM_GCC_541\Debug\main.o
 .debug_abbrev  0x00000125      0x1e1 .\CortexM0\ARM_GCC_541\Debug\cyfitter_cfg.o
 .debug_abbrev  0x00000306       0x5d .\CortexM0\ARM_GCC_541\Debug\cymetadata.o
 .debug_abbrev  0x00000363      0x1d7 .\CortexM0\ARM_GCC_541\Debug\Cm0Start.o
 .debug_abbrev  0x0000053a      0x15d .\CortexM0\ARM_GCC_541\Debug\Lab_2_7SEG.a(SPIM.o)
 .debug_abbrev  0x00000697      0x19a .\CortexM0\ARM_GCC_541\Debug\Lab_2_7SEG.a(isr_100Hz.o)
 .debug_abbrev  0x00000831       0xc8 .\CortexM0\ARM_GCC_541\Debug\Lab_2_7SEG.a(Pin_B2.o)
 .debug_abbrev  0x000008f9       0xc8 .\CortexM0\ARM_GCC_541\Debug\Lab_2_7SEG.a(Pin_B1.o)
 .debug_abbrev  0x000009c1       0xb7 .\CortexM0\ARM_GCC_541\Debug\Lab_2_7SEG.a(SPIM_IntClock.o)
 .debug_abbrev  0x00000a78      0x1e0 .\CortexM0\ARM_GCC_541\Debug\Lab_2_7SEG.a(CyLib.o)
 .debug_abbrev  0x00000c58      0x248 .\CortexM0\ARM_GCC_541\Debug\Lab_2_7SEG.a(CyLFClk.o)
 .debug_abbrev  0x00000ea0       0x14 .\CortexM0\ARM_GCC_541\Debug\Lab_2_7SEG.a(CyBootAsmGnu.o)

.debug_line     0x00000000     0x17b7
 *(.debug_line)
 .debug_line    0x00000000       0xeb .\CortexM0\ARM_GCC_541\Debug\main.o
 .debug_line    0x000000eb      0x1d0 .\CortexM0\ARM_GCC_541\Debug\cyfitter_cfg.o
 .debug_line    0x000002bb      0x141 .\CortexM0\ARM_GCC_541\Debug\cymetadata.o
 .debug_line    0x000003fc      0x236 .\CortexM0\ARM_GCC_541\Debug\Cm0Start.o
 .debug_line    0x00000632      0x25e .\CortexM0\ARM_GCC_541\Debug\Lab_2_7SEG.a(SPIM.o)
 .debug_line    0x00000890      0x155 .\CortexM0\ARM_GCC_541\Debug\Lab_2_7SEG.a(isr_100Hz.o)
 .debug_line    0x000009e5       0xbe .\CortexM0\ARM_GCC_541\Debug\Lab_2_7SEG.a(Pin_B2.o)
 .debug_line    0x00000aa3       0xbe .\CortexM0\ARM_GCC_541\Debug\Lab_2_7SEG.a(Pin_B1.o)
 .debug_line    0x00000b61       0xc0 .\CortexM0\ARM_GCC_541\Debug\Lab_2_7SEG.a(SPIM_IntClock.o)
 .debug_line    0x00000c21      0x553 .\CortexM0\ARM_GCC_541\Debug\Lab_2_7SEG.a(CyLib.o)
 .debug_line    0x00001174      0x5db .\CortexM0\ARM_GCC_541\Debug\Lab_2_7SEG.a(CyLFClk.o)
 .debug_line    0x0000174f       0x68 .\CortexM0\ARM_GCC_541\Debug\Lab_2_7SEG.a(CyBootAsmGnu.o)

.debug_frame    0x00000000     0x1070
 *(.debug_frame)
 .debug_frame   0x00000000       0x70 .\CortexM0\ARM_GCC_541\Debug\main.o
 .debug_frame   0x00000070       0xb8 .\CortexM0\ARM_GCC_541\Debug\cyfitter_cfg.o
 .debug_frame   0x00000128       0xbc .\CortexM0\ARM_GCC_541\Debug\Cm0Start.o
 .debug_frame   0x000001e4      0x1e8 .\CortexM0\ARM_GCC_541\Debug\Lab_2_7SEG.a(SPIM.o)
 .debug_frame   0x000003cc      0x110 .\CortexM0\ARM_GCC_541\Debug\Lab_2_7SEG.a(isr_100Hz.o)
 .debug_frame   0x000004dc       0x70 .\CortexM0\ARM_GCC_541\Debug\Lab_2_7SEG.a(Pin_B2.o)
 .debug_frame   0x0000054c       0x70 .\CortexM0\ARM_GCC_541\Debug\Lab_2_7SEG.a(Pin_B1.o)
 .debug_frame   0x000005bc       0x6c .\CortexM0\ARM_GCC_541\Debug\Lab_2_7SEG.a(SPIM_IntClock.o)
 .debug_frame   0x00000628      0x4a4 .\CortexM0\ARM_GCC_541\Debug\Lab_2_7SEG.a(CyLib.o)
 .debug_frame   0x00000acc      0x4a8 .\CortexM0\ARM_GCC_541\Debug\Lab_2_7SEG.a(CyLFClk.o)
 .debug_frame   0x00000f74       0x20 c:/program files (x86)/cypress/psoc creator/4.4/psoc creator/import/gnu/arm/5.4.1/bin/../lib/gcc/arm-none-eabi/5.4.1/armv6-m\libgcc.a(_udivsi3.o)
 .debug_frame   0x00000f94       0x20 c:/program files (x86)/cypress/psoc creator/4.4/psoc creator/import/gnu/arm/5.4.1/bin/../lib/gcc/arm-none-eabi/5.4.1/armv6-m\libgcc.a(_divsi3.o)
 .debug_frame   0x00000fb4       0x20 c:/program files (x86)/cypress/psoc creator/4.4/psoc creator/import/gnu/arm/5.4.1/bin/../lib/gcc/arm-none-eabi/5.4.1/../../../../arm-none-eabi/lib/armv6-m\libg_nano.a(lib_a-errno.o)
 .debug_frame   0x00000fd4       0x28 c:/program files (x86)/cypress/psoc creator/4.4/psoc creator/import/gnu/arm/5.4.1/bin/../lib/gcc/arm-none-eabi/5.4.1/../../../../arm-none-eabi/lib/armv6-m\libg_nano.a(lib_a-exit.o)
 .debug_frame   0x00000ffc       0x2c c:/program files (x86)/cypress/psoc creator/4.4/psoc creator/import/gnu/arm/5.4.1/bin/../lib/gcc/arm-none-eabi/5.4.1/../../../../arm-none-eabi/lib/armv6-m\libg_nano.a(lib_a-init.o)
 .debug_frame   0x00001028       0x28 c:/program files (x86)/cypress/psoc creator/4.4/psoc creator/import/gnu/arm/5.4.1/bin/../lib/gcc/arm-none-eabi/5.4.1/../../../../arm-none-eabi/lib/armv6-m\libg_nano.a(lib_a-memcpy-stub.o)
 .debug_frame   0x00001050       0x20 c:/program files (x86)/cypress/psoc creator/4.4/psoc creator/import/gnu/arm/5.4.1/bin/../lib/gcc/arm-none-eabi/5.4.1/../../../../arm-none-eabi/lib/armv6-m\libg_nano.a(lib_a-memset.o)

.debug_str      0x00000000     0x174e
 *(.debug_str)
 .debug_str     0x00000000      0x1bb .\CortexM0\ARM_GCC_541\Debug\main.o
                                0x206 (size before relaxing)
 .debug_str     0x000001bb      0x1d8 .\CortexM0\ARM_GCC_541\Debug\cyfitter_cfg.o
                                0x375 (size before relaxing)
 .debug_str     0x00000393       0x63 .\CortexM0\ARM_GCC_541\Debug\cymetadata.o
                                0x1ba (size before relaxing)
 .debug_str     0x000003f6      0x13a .\CortexM0\ARM_GCC_541\Debug\Cm0Start.o
                                0x2f3 (size before relaxing)
 .debug_str     0x00000530      0x26d .\CortexM0\ARM_GCC_541\Debug\Lab_2_7SEG.a(SPIM.o)
                                0x40d (size before relaxing)
 .debug_str     0x0000079d      0x133 .\CortexM0\ARM_GCC_541\Debug\Lab_2_7SEG.a(isr_100Hz.o)
                                0x314 (size before relaxing)
 .debug_str     0x000008d0       0xab .\CortexM0\ARM_GCC_541\Debug\Lab_2_7SEG.a(Pin_B2.o)
                                0x22f (size before relaxing)
 .debug_str     0x0000097b       0x82 .\CortexM0\ARM_GCC_541\Debug\Lab_2_7SEG.a(Pin_B1.o)
                                0x22f (size before relaxing)
 .debug_str     0x000009fd       0xd2 .\CortexM0\ARM_GCC_541\Debug\Lab_2_7SEG.a(SPIM_IntClock.o)
                                0x26d (size before relaxing)
 .debug_str     0x00000acf      0x598 .\CortexM0\ARM_GCC_541\Debug\Lab_2_7SEG.a(CyLib.o)
                                0x7ea (size before relaxing)
 .debug_str     0x00001067      0x6e7 .\CortexM0\ARM_GCC_541\Debug\Lab_2_7SEG.a(CyLFClk.o)
                                0x92a (size before relaxing)

.debug_loc      0x00000000     0x1ce5
 *(.debug_loc)
 .debug_loc     0x00000000       0x88 .\CortexM0\ARM_GCC_541\Debug\main.o
 .debug_loc     0x00000088      0x1fe .\CortexM0\ARM_GCC_541\Debug\cyfitter_cfg.o
 .debug_loc     0x00000286      0x14f .\CortexM0\ARM_GCC_541\Debug\Cm0Start.o
 .debug_loc     0x000003d5      0x112 .\CortexM0\ARM_GCC_541\Debug\Lab_2_7SEG.a(SPIM.o)
 .debug_loc     0x000004e7       0x82 .\CortexM0\ARM_GCC_541\Debug\Lab_2_7SEG.a(isr_100Hz.o)
 .debug_loc     0x00000569       0xa2 .\CortexM0\ARM_GCC_541\Debug\Lab_2_7SEG.a(Pin_B2.o)
 .debug_loc     0x0000060b       0xa2 .\CortexM0\ARM_GCC_541\Debug\Lab_2_7SEG.a(Pin_B1.o)
 .debug_loc     0x000006ad       0x76 .\CortexM0\ARM_GCC_541\Debug\Lab_2_7SEG.a(SPIM_IntClock.o)
 .debug_loc     0x00000723      0x818 .\CortexM0\ARM_GCC_541\Debug\Lab_2_7SEG.a(CyLib.o)
 .debug_loc     0x00000f3b      0xdaa .\CortexM0\ARM_GCC_541\Debug\Lab_2_7SEG.a(CyLFClk.o)

.debug_macinfo
 *(.debug_macinfo)

.debug_ranges   0x00000000      0x5a0
 *(.debug_ranges)
 .debug_ranges  0x00000000       0x20 .\CortexM0\ARM_GCC_541\Debug\main.o
 .debug_ranges  0x00000020       0x38 .\CortexM0\ARM_GCC_541\Debug\cyfitter_cfg.o
 .debug_ranges  0x00000058       0x38 .\CortexM0\ARM_GCC_541\Debug\Cm0Start.o
 .debug_ranges  0x00000090       0xc8 .\CortexM0\ARM_GCC_541\Debug\Lab_2_7SEG.a(SPIM.o)
 .debug_ranges  0x00000158       0x70 .\CortexM0\ARM_GCC_541\Debug\Lab_2_7SEG.a(isr_100Hz.o)
 .debug_ranges  0x000001c8       0x38 .\CortexM0\ARM_GCC_541\Debug\Lab_2_7SEG.a(Pin_B2.o)
 .debug_ranges  0x00000200       0x38 .\CortexM0\ARM_GCC_541\Debug\Lab_2_7SEG.a(Pin_B1.o)
 .debug_ranges  0x00000238       0x30 .\CortexM0\ARM_GCC_541\Debug\Lab_2_7SEG.a(SPIM_IntClock.o)
 .debug_ranges  0x00000268      0x1c0 .\CortexM0\ARM_GCC_541\Debug\Lab_2_7SEG.a(CyLib.o)
 .debug_ranges  0x00000428      0x178 .\CortexM0\ARM_GCC_541\Debug\Lab_2_7SEG.a(CyLFClk.o)

.comment        0x00000000       0x6e
 .comment       0x00000000       0x6e .\CortexM0\ARM_GCC_541\Debug\main.o
                                 0x6f (size before relaxing)
 .comment       0x0000006e       0x6f .\CortexM0\ARM_GCC_541\Debug\cyfitter_cfg.o
 .comment       0x0000006e       0x6f .\CortexM0\ARM_GCC_541\Debug\cymetadata.o
 .comment       0x0000006e       0x6f .\CortexM0\ARM_GCC_541\Debug\Cm0Start.o
 .comment       0x0000006e       0x6f .\CortexM0\ARM_GCC_541\Debug\Lab_2_7SEG.a(SPIM.o)
 .comment       0x0000006e       0x6f .\CortexM0\ARM_GCC_541\Debug\Lab_2_7SEG.a(isr_100Hz.o)
 .comment       0x0000006e       0x6f .\CortexM0\ARM_GCC_541\Debug\Lab_2_7SEG.a(Pin_B2.o)
 .comment       0x0000006e       0x6f .\CortexM0\ARM_GCC_541\Debug\Lab_2_7SEG.a(Pin_B1.o)
 .comment       0x0000006e       0x6f .\CortexM0\ARM_GCC_541\Debug\Lab_2_7SEG.a(SPIM_IntClock.o)
 .comment       0x0000006e       0x6f .\CortexM0\ARM_GCC_541\Debug\Lab_2_7SEG.a(CyLib.o)
 .comment       0x0000006e       0x6f .\CortexM0\ARM_GCC_541\Debug\Lab_2_7SEG.a(CyLFClk.o)

.debug_weaknames
 *(.debug_weaknames)

.debug_funcnames
 *(.debug_funcnames)

.debug_typenames
 *(.debug_typenames)

.debug_varnames
 *(.debug_varnames)

.note.gnu.arm.ident
 *(.note.gnu.arm.ident)

.ARM.attributes
                0x00000000       0x28
 *(.ARM.attributes)
 .ARM.attributes
                0x00000000       0x1e c:/program files (x86)/cypress/psoc creator/4.4/psoc creator/import/gnu/arm/5.4.1/bin/../lib/gcc/arm-none-eabi/5.4.1/armv6-m/crti.o
 .ARM.attributes
                0x0000001e       0x2c c:/program files (x86)/cypress/psoc creator/4.4/psoc creator/import/gnu/arm/5.4.1/bin/../lib/gcc/arm-none-eabi/5.4.1/armv6-m/crtbegin.o
 .ARM.attributes
                0x0000004a       0x1b c:/program files (x86)/cypress/psoc creator/4.4/psoc creator/import/gnu/arm/5.4.1/bin/../lib/gcc/arm-none-eabi/5.4.1/../../../../arm-none-eabi/lib/armv6-m/crt0.o
 .ARM.attributes
                0x00000065       0x31 .\CortexM0\ARM_GCC_541\Debug\main.o
 .ARM.attributes
                0x00000096       0x31 .\CortexM0\ARM_GCC_541\Debug\cyfitter_cfg.o
 .ARM.attributes
                0x000000c7       0x31 .\CortexM0\ARM_GCC_541\Debug\cymetadata.o
 .ARM.attributes
                0x000000f8       0x31 .\CortexM0\ARM_GCC_541\Debug\Cm0Start.o
 .ARM.attributes
                0x00000129       0x31 .\CortexM0\ARM_GCC_541\Debug\Lab_2_7SEG.a(SPIM.o)
 .ARM.attributes
                0x0000015a       0x31 .\CortexM0\ARM_GCC_541\Debug\Lab_2_7SEG.a(isr_100Hz.o)
 .ARM.attributes
                0x0000018b       0x31 .\CortexM0\ARM_GCC_541\Debug\Lab_2_7SEG.a(Pin_B2.o)
 .ARM.attributes
                0x000001bc       0x31 .\CortexM0\ARM_GCC_541\Debug\Lab_2_7SEG.a(Pin_B1.o)
 .ARM.attributes
                0x000001ed       0x31 .\CortexM0\ARM_GCC_541\Debug\Lab_2_7SEG.a(SPIM_IntClock.o)
 .ARM.attributes
                0x0000021e       0x31 .\CortexM0\ARM_GCC_541\Debug\Lab_2_7SEG.a(CyLib.o)
 .ARM.attributes
                0x0000024f       0x31 .\CortexM0\ARM_GCC_541\Debug\Lab_2_7SEG.a(CyLFClk.o)
 .ARM.attributes
                0x00000280       0x21 .\CortexM0\ARM_GCC_541\Debug\Lab_2_7SEG.a(CyBootAsmGnu.o)
 .ARM.attributes
                0x000002a1       0x1e c:/program files (x86)/cypress/psoc creator/4.4/psoc creator/import/gnu/arm/5.4.1/bin/../lib/gcc/arm-none-eabi/5.4.1/armv6-m\libgcc.a(_udivsi3.o)
 .ARM.attributes
                0x000002bf       0x1e c:/program files (x86)/cypress/psoc creator/4.4/psoc creator/import/gnu/arm/5.4.1/bin/../lib/gcc/arm-none-eabi/5.4.1/armv6-m\libgcc.a(_divsi3.o)
 .ARM.attributes
                0x000002dd       0x1e c:/program files (x86)/cypress/psoc creator/4.4/psoc creator/import/gnu/arm/5.4.1/bin/../lib/gcc/arm-none-eabi/5.4.1/armv6-m\libgcc.a(_dvmd_tls.o)
 .ARM.attributes
                0x000002fb       0x2c c:/program files (x86)/cypress/psoc creator/4.4/psoc creator/import/gnu/arm/5.4.1/bin/../lib/gcc/arm-none-eabi/5.4.1/../../../../arm-none-eabi/lib/armv6-m\libg_nano.a(lib_a-errno.o)
 .ARM.attributes
                0x00000327       0x2c c:/program files (x86)/cypress/psoc creator/4.4/psoc creator/import/gnu/arm/5.4.1/bin/../lib/gcc/arm-none-eabi/5.4.1/../../../../arm-none-eabi/lib/armv6-m\libg_nano.a(lib_a-exit.o)
 .ARM.attributes
                0x00000353       0x2c c:/program files (x86)/cypress/psoc creator/4.4/psoc creator/import/gnu/arm/5.4.1/bin/../lib/gcc/arm-none-eabi/5.4.1/../../../../arm-none-eabi/lib/armv6-m\libg_nano.a(lib_a-impure.o)
 .ARM.attributes
                0x0000037f       0x2c c:/program files (x86)/cypress/psoc creator/4.4/psoc creator/import/gnu/arm/5.4.1/bin/../lib/gcc/arm-none-eabi/5.4.1/../../../../arm-none-eabi/lib/armv6-m\libg_nano.a(lib_a-init.o)
 .ARM.attributes
                0x000003ab       0x2c c:/program files (x86)/cypress/psoc creator/4.4/psoc creator/import/gnu/arm/5.4.1/bin/../lib/gcc/arm-none-eabi/5.4.1/../../../../arm-none-eabi/lib/armv6-m\libg_nano.a(lib_a-memcpy-stub.o)
 .ARM.attributes
                0x000003d7       0x2c c:/program files (x86)/cypress/psoc creator/4.4/psoc creator/import/gnu/arm/5.4.1/bin/../lib/gcc/arm-none-eabi/5.4.1/../../../../arm-none-eabi/lib/armv6-m\libg_nano.a(lib_a-memset.o)
 .ARM.attributes
                0x00000403       0x2c c:/program files (x86)/cypress/psoc creator/4.4/psoc creator/import/gnu/arm/5.4.1/bin/../lib/gcc/arm-none-eabi/5.4.1/armv6-m/crtend.o
 .ARM.attributes
                0x0000042f       0x1e c:/program files (x86)/cypress/psoc creator/4.4/psoc creator/import/gnu/arm/5.4.1/bin/../lib/gcc/arm-none-eabi/5.4.1/armv6-m/crtn.o

/DISCARD/
 *(.note.GNU-stack)
OUTPUT(D:\POC\psoc4\psoc_5-2-muliak_trush\Lab_2_7SEG.cydsn\CortexM0\ARM_GCC_541\Debug\Lab_2_7SEG.elf elf32-littlearm)
